// Jest Snapshot v1, https://goo.gl/fbAQLP

exports[`Page Header Snapshot 1`] = `
<div>
  <div
    class="p-4 sm:p-8 lg:flex lg:items-center lg:justify-between max-w-7xl mx-auto bg-white"
  >
    <div
      class="min-w-0 flex-1"
    >
      <h2
        class="text-2xl font-bold leading-7 sm:truncate sm:text-3xl sm:tracking-tight text-slate-900"
      >
        Hello
      </h2>
    </div>
  </div>
</div>
`;
