// Jest Snapshot v1, https://goo.gl/fbAQLP

exports[`Home Snapshot 1`] = `
<div>
  <div
    class="max-w-7xl mx-auto flex flex-col content-center lg:flex-row justify-between p-5 gap-6 my-auto"
  >
    <main
      class="w-full lg:w-1/2 mt-10 mx-auto px-4 sm:mt-12 sm:px-6 md:mt-16 lg:mt-20 lg:px-8 xl:mt-28"
    >
      <h1
        class="text-4xl tracking-tight font-bold text-slate-800 sm:text-5xl sm:tracking-tight md:text-6xl md:tracking-tight"
      >
        mySetup
      </h1>
      <p
        class="mt-3 text-base text-slate-500 sm:mt-5 sm:text-lg sm:max-w-xl sm:mx-auto md:mt-5 md:text-xl lg:mx-0"
      >
        My setup presentation
      </p>
    </main>
    <img
      alt="chart illustration"
      class="w-full lg:w-1/2"
      src=""
    />
  </div>
</div>
`;
