// Jest Snapshot v1, https://goo.gl/fbAQLP

exports[`Alert Snapshot 1`] = `
<div>
  <div
    class="rounded-md p-4 bg-red-50"
    testid="testId"
  >
    <div
      class="flex"
    >
      <div
        class="flex-shrink-0"
      >
        <svg
          aria-hidden="true"
          class="h-5 w-5 text-red-800"
          fill="currentColor"
          viewBox="0 0 20 20"
          xmlns="http://www.w3.org/2000/svg"
        >
          <path
            clip-rule="evenodd"
            d="M18 10a8 8 0 11-16 0 8 8 0 0116 0zm-8-5a.75.75 0 01.75.75v4.5a.75.75 0 01-1.5 0v-4.5A.75.75 0 0110 5zm0 10a1 1 0 100-2 1 1 0 000 2z"
            fill-rule="evenodd"
          />
        </svg>
      </div>
      <div
        class="ml-3"
      >
        <p
          class="text-sm font-medium text-red-800"
        >
          message
        </p>
      </div>
      <div
        class="ml-auto pl-3"
      >
        <div
          class="-mx-1.5 -my-1.5"
        >
          <button
            class="inline-flex rounded-md p-1.5 focus:outline-none focus:ring-2 focus:ring-offset-2 bg-red-50 text-red-800 hover:bg-red-100 focus:ring-red-600  focus:ring-offset-red-50"
            type="button"
          >
            <span
              class="sr-only"
            >
              Dismiss
            </span>
            <svg
              aria-hidden="true"
              class="h-5 w-5"
              fill="currentColor"
              viewBox="0 0 20 20"
              xmlns="http://www.w3.org/2000/svg"
            >
              <path
                d="M6.28 5.22a.75.75 0 00-1.06 1.06L8.94 10l-3.72 3.72a.75.75 0 101.06 1.06L10 11.06l3.72 3.72a.75.75 0 101.06-1.06L11.06 10l3.72-3.72a.75.75 0 00-1.06-1.06L10 8.94 6.28 5.22z"
              />
            </svg>
          </button>
        </div>
      </div>
    </div>
  </div>
</div>
`;
